
> temp_next@0.1.0 build
> next build

node.exe : ÔÜá Warning: Next.js inferred 
your workspace root, but it may not be 
correct.
No linha:1 caractere:1
+ & "C:\Program Files\nodejs/node.exe" 
"C:\Program Files\nodejs/node_mo ...
+ ~~~~~~~~~~~~~~~~~~~~~~~~~~~~~~~~~~~~~~~~
~~~~~~~~~~~~~~~~~~~~~~~~~~~~~
    + CategoryInfo          : NotSpecifie 
   d: (ÔÜá Warning: Ne...not be correct.  
  :String) [], RemoteException
    + FullyQualifiedErrorId : NativeComma 
   ndError
 
 We detected multiple lockfiles and 
selected the directory of C:\Users\joaogon
calves_trajet\Desktop\Nova 
pasta\package-lock.json as the root 
directory.
 To silence this warning, set 
`turbopack.root` in your Next.js config, 
or consider removing one of the lockfiles 
if it's not needed.
   See https://nextjs.org/docs/app/api-ref
erence/config/next-config-js/turbopack#roo
t-directory for more information.
 Detected additional lockfiles: 
   * C:\Users\joaogoncalves_trajet\Desktop
\Nova pasta\TS-TOOLS\package-lock.json

Ôû▓ Next.js 16.1.6 (Turbopack)
- Environments: .env

  Creating an optimized production build ...
Ô£ô Compiled successfully in 3.9s
  Running TypeScript ...
  Collecting page data using 11 workers ...
  Generating static pages using 11 workers (0/24) ...
  Generating static pages using 11 workers (6/24) 
  Generating static pages using 11 workers (12/24) 
  Generating static pages using 11 workers (18/24) 
Ô¿» useSearchParams() should be wrapped 
in a suspense boundary at page 
"/gerador". Read more: https://nextjs.org/
docs/messages/missing-suspense-with-csr-ba
ilout
    at Q (C:\Users\joaogoncalves_trajet\De
sktop\Nova pasta\TS-TOOLS\.next\server\chu
nks\ssr\25b40_next_093970ce._.js:2:2111)
    at o (C:\Users\joaogoncalves_trajet\De
sktop\Nova pasta\TS-TOOLS\.next\server\chu
nks\ssr\25b40_next_093970ce._.js:4:5278)
    at y (C:\Users\joaogoncalves_trajet\De
sktop\Nova pasta\TS-TOOLS\.next\server\chu
nks\ssr\TS-TOOLS_src_app_gerador_page_tsx_
17a1079a._.js:1:1262)
    at an (C:\Users\joaogoncalves_trajet\D
esktop\Nova pasta\TS-TOOLS\node_modules\ne
xt\dist\compiled\next-server\app-page-turb
o.runtime.prod.js:2:84360)
    at ai (C:\Users\joaogoncalves_trajet\D
esktop\Nova pasta\TS-TOOLS\node_modules\ne
xt\dist\compiled\next-server\app-page-turb
o.runtime.prod.js:2:86179)
    at al (C:\Users\joaogoncalves_trajet\D
esktop\Nova pasta\TS-TOOLS\node_modules\ne
xt\dist\compiled\next-server\app-page-turb
o.runtime.prod.js:2:107953)
    at as (C:\Users\joaogoncalves_trajet\D
esktop\Nova pasta\TS-TOOLS\node_modules\ne
xt\dist\compiled\next-server\app-page-turb
o.runtime.prod.js:2:105368)
    at aa (C:\Users\joaogoncalves_trajet\D
esktop\Nova pasta\TS-TOOLS\node_modules\ne
xt\dist\compiled\next-server\app-page-turb
o.runtime.prod.js:2:84712)
    at ai (C:\Users\joaogoncalves_trajet\D
esktop\Nova pasta\TS-TOOLS\node_modules\ne
xt\dist\compiled\next-server\app-page-turb
o.runtime.prod.js:2:86228)
    at ai (C:\Users\joaogoncalves_trajet\D
esktop\Nova pasta\TS-TOOLS\node_modules\ne
xt\dist\compiled\next-server\app-page-turb
o.runtime.prod.js:2:104708)
Error occurred prerendering page 
"/gerador". Read more: https://nextjs.org/
docs/messages/prerender-error
Export encountered an error on 
/gerador/page: /gerador, exiting the 
build.
Ô¿» Next.js build worker exited with 
code: 1 and signal: null
